# Domains extracted from https://reestr-website.ru/
# Last registry update on the page at fetch time: 2026-04-01
vk.com
ok.ru
mail.ru
max.ru
gosuslugi.ru
yandex.ru
ozon.ru
wildberries.ru
avito.ru
dzen.ru
rutube.ru
mironline.ru
government.ru
kremlin.ru
vybory.gov.ru
beeline.ru
megafon.ru
mts.ru
rt.ru
t2.ru
duma.gov.ru
gov.ru
genproc.gov.ru
pochta.ru
alfabank.ru
xn--80ajghhoc2aj1c8b.xn--p1ai
kp.ru
ria.ru
rbc.ru
gazeta.ru
lenta.ru
rambler.ru
rzd.ru
tutu.ru
2gis.ru
taximaxim.ru
gismeteo.ru
cbr.ru
sbermobile.ru
tbank.ru
ertelecom.ru
rsv.ru
myrosmol.ru
tvoyhod.online
iz.ru
tass.ru
domclick.ru
csat.ru
okko.tv
moskva-putinu.ru
council.gov.ru
xn--b1aew.xn--p1ai
mchs.gov.ru
xn--90acagbhgpca7c8c7f.xn--p1ai
aeroflot.ru
pobeda.aero
xn--90aivcdt6dxbc.xn--p1ai
rosseti.ru
rosatom.ru
motivtelecom.ru
moex.com
hh.ru
citydrive.ru
vkusnoitochka.ru
dellin.ru
radioplayer.ru
aif.ru
rg.ru
vedomosti.ru
mk.ru
1tv.ru
ntv.ru
rt.com
otr-online.ru
tvc.ru
tv3.ru
mir24.tv
tnt-online.ru
ctc.ru
spastv.ru
5-tv.ru
ren.tv
friday.ru
domashniy.ru
muz-tv.ru
ivi.ru
vkusvill.ru
auchan.ru
spar.ru
online.metro-cc.ru
petrovich.ru
vtb.ru
psbank.ru
cdek.ru
kuper.ru
samokat.ru
vgtrk.ru
tvzvezda.ru
vmeste-rf.tv
matchtv.ru
kommersant.ru
pnp.ru
vitrina.tv
nalog.gov.ru
dom.gosuslugi.ru
grandtrain.ru
tensor.ru
kontur.ru
evotor.ru
rosagroleasing.ru
detmir.ru
burgerkingrus.ru
megamarket.ru
goskey.ru
crpt.ru
mos.ru
sreda.digital.gov.ru
gossluzhba.gov.ru
www.staves.ru
mirpay.mironline.ru
sbp.nspk.ru
finuslugi.ru
dixy.ru
chizhik.club
mnogolososya.ru
kinopoisk.ru
edadeal.ru
cmd-online.ru
